section STRINGS:
bar
section TEXT:
push $5
push $4
load_string $0
lookup
push $3
call
