push $5
push $1
push $2
push $2
call add
push $2
call mul
