section STRINGS:
defn
square
n
mul
section FUNCTIONS:
fn square(1):
push_arg $0
push_arg $0
lookup $3
push $3
call
ret
